============================= test session starts =============================
platform win32 -- Python 3.12.7, pytest-8.4.1, pluggy-1.5.0 -- F:\IDEs\Anaconda\python.exe
cachedir: .pytest_cache
rootdir: C:\Users\aarya\OneDrive\Desktop\Project FY 25
plugins: anyio-4.2.0, langsmith-0.4.4
collecting ... collected 0 items

============================ no tests ran in 0.15s ============================

